May 14 00:07:49 frostproxy sshd[149603]: Received disconnect from 43.156.240.75 port 36362:11: Bye Bye [preauth]
May 14 00:07:49 frostproxy sshd[149603]: Disconnected from invalid user testsftp 43.156.240.75 port 36362 [preauth]
May 14 00:07:56 frostproxy sshd[149605]: pam_unix(sshd:auth): authentication failure; logname= uid=0 euid=0 tty=ssh ruser= rhost=138.197.215.196  user=root
May 14 00:07:58 frostproxy sshd[149605]: Failed password for root from 138.197.215.196 port 58084 ssh2
May 14 00:07:59 frostproxy sshd[149605]: Received disconnect from 138.197.215.196 port 58084:11: Bye Bye [preauth]
May 14 00:07:59 frostproxy sshd[149605]: Disconnected from authenticating user root 138.197.215.196 port 58084 [preauth]
May 14 00:08:02 frostproxy sshd[149607]: pam_unix(sshd:auth): authentication failure; logname= uid=0 euid=0 tty=ssh ruser= rhost=217.29.49.103  user=root
May 14 00:08:04 frostproxy sshd[149607]: Failed password for root from 217.29.49.103 port 46112 ssh2
May 14 00:08:05 frostproxy sshd[149607]: Received disconnect from 217.29.49.103 port 46112:11: Bye Bye [preauth]
May 14 00:08:05 frostproxy sshd[149607]: Disconnected from authenticating user root 217.29.49.103 port 46112 [preauth]
May 14 00:08:23 frostproxy sshd[149609]: Invalid user diego from 161.35.208.99 port 53626
May 14 00:08:23 frostproxy sshd[149609]: pam_unix(sshd:auth): check pass; user unknown
May 14 00:08:23 frostproxy sshd[149609]: pam_unix(sshd:auth): authentication failure; logname= uid=0 euid=0 tty=ssh ruser= rhost=161.35.208.99 
May 14 00:08:25 frostproxy sshd[149609]: Failed password for invalid user diego from 161.35.208.99 port 53626 ssh2
May 14 00:08:26 frostproxy sshd[149609]: Received disconnect from 161.35.208.99 port 53626:11: Bye Bye [preauth]
May 14 00:08:26 frostproxy sshd[149609]: Disconnected from invalid user diego 161.35.208.99 port 53626 [preauth]
May 14 00:08:28 frostproxy sshd[149611]: pam_unix(sshd:auth): authentication failure; logname= uid=0 euid=0 tty=ssh ruser= rhost=157.230.55.156  user=root
May 14 00:08:30 frostproxy sshd[149611]: Failed password for root from 157.230.55.156 port 37638 ssh2
May 14 00:08:31 frostproxy sshd[149611]: Received disconnect from 157.230.55.156 port 37638:11: Bye Bye [preauth]
May 14 00:08:31 frostproxy sshd[149611]: Disconnected from authenticating user root 157.230.55.156 port 37638 [preauth]
May 14 00:08:34 frostproxy sshd[149613]: Invalid user cesar from 188.166.180.17 port 47762
May 14 00:08:34 frostproxy sshd[149613]: pam_unix(sshd:auth): check pass; user unknown
May 14 00:08:34 frostproxy sshd[149613]: pam_unix(sshd:auth): authentication failure; logname= uid=0 euid=0 tty=ssh ruser= rhost=188.166.180.17 
May 14 00:08:36 frostproxy sshd[149613]: Failed password for invalid user cesar from 188.166.180.17 port 47762 ssh2180.101.88.247
May 14 00:08:36 frostproxy sshd[149613]: Received disconnect from 188.166.180.17 port 47762:11: Bye Bye [preauth]
May 14 00:08:36 frostproxy sshd[149613]: Disconnected from invalid user cesar 188.166.180.17 port 47762 [preauth]
May 14 00:08:39 frostproxy sshd[149615]: pam_unix(sshd:auth): authentication failure; logname= uid=0 euid=0 tty=ssh ruser= rhost=150.188.18.195  user=root
May 14 00:08:41 frostproxy sshd[149617]: Invalid user oracle from 188.166.225.37 port 49252
May 14 00:08:41 frostproxy sshd[149617]: pam_unix(sshd:auth): check pass; user unknown
May 14 00:08:41 frostproxy sshd[149617]: pam_unix(sshd:auth): authentication failure; logname= uid=0 euid=0 tty=ssh ruser= rhost=188.166.225.37 
May 14 00:08:41 frostproxy sshd[149615]: Failed password for root from 150.188.18.195 port 48446 ssh2
May 14 00:08:42 frostproxy sshd[149615]: Received disconnect from 150.188.18.195 port 48446:11: Bye Bye [preauth]
May 14 00:08:42 frostproxy sshd[149615]: Disconnected from authenticating user root 150.188.18.195 port 48446 [preauth]
May 14 00:08:42 frostproxy sshd[149617]: Failed password for invalid user oracle from 188.166.225.37 port 49252 ssh2
May 14 00:08:43 frostproxy sshd[149617]: Received disconnect from 188.166.225.37 port 49252:11: Bye Bye [preauth]
May 14 00:08:43 frostproxy sshd[149617]: Disconnected from invalid user oracle 188.166.225.37 port 49252 [preauth]
May 14 00:08:51 frostproxy sshd[149619]: Invalid user liuxy from 51.159.214.212 port 32816
May 14 00:08:51 frostproxy sshd[149619]: pam_unix(sshd:auth): check pass; user unknown
May 14 00:10:31 frostproxy sshd[149652]: Failed password for root from 180.101.88.247 port 41995 ssh2
May 14 00:10:31 frostproxy sshd[149654]: Failed password for root from 180.101.88.247 port 12506 ssh2
May 14 00:10:31 frostproxy sshd[149656]: Failed password for root from 180.101.88.247 port 60736 ssh2
May 14 00:10:31 frostproxy sshd[149658]: Failed password for root from 180.101.88.247 port 18536 ssh2
May 14 00:10:34 frostproxy sshd[149652]: Failed password for root from 180.101.88.247 port 41995 ssh2
May 14 00:10:34 frostproxy sshd[149654]: Failed password for root from 180.101.88.247 port 12506 ssh2
May 14 00:10:34 frostproxy sshd[149656]: Failed password for root from 180.101.88.247 port 60736 ssh2
May 14 00:10:27 frostproxy sshd[149647]: Failed password for root from 180.101.88.247 port 37206 ssh2
May 14 00:10:27 frostproxy sshd[149652]: Failed password for root from 180.101.88.247 port 41995 ssh2
May 14 00:10:27 frostproxy sshd[149654]: Failed password for root from 180.101.88.247 port 12506 ssh2
May 14 00:10:28 frostproxy sshd[149656]: Failed password for root from 180.101.88.247 port 60736 ssh2
May 14 00:10:19 frostproxy sshd[149645]: Failed password for root from 180.101.88.247 port 45139 ssh2
May 14 00:10:21 frostproxy sshd[149647]: Failed password for root from 180.101.88.247 port 37206 ssh2
May 14 00:10:22 frostproxy sshd[149645]: Failed password for root from 180.101.88.247 port 45139 ssh2
May 14 00:11:19 frostproxy sshd[149680]: pam_unix(sshd:auth): authentication failure; logname= uid=0 euid=0 tty=ssh ruser= rhost=43.156.240.75  user=root
May 14 00:11:19 frostproxy sshd[149678]: Failed password for root from 218.92.0.118 port 49261 ssh2
May 14 00:11:21 frostproxy sshd[149682]: Invalid user student1 from 217.29.49.103 port 38830
May 14 00:11:21 frostproxy sshd[149682]: pam_unix(sshd:auth): check pass; user unknown
May 14 00:11:21 frostproxy sshd[149682]: pam_unix(sshd:auth): authentication failure; logname= uid=0 euid=0 tty=ssh ruser= rhost=217.29.49.103 
May 14 00:11:21 frostproxy sshd[149680]: Failed password for root from 43.156.240.75 port 45618 ssh2
May 14 00:11:22 frostproxy sshd[149684]: pam_unix(sshd:auth): authentication failure; logname= uid=0 euid=0 tty=ssh ruser= rhost=165.232.190.137  user=root
May 14 00:11:22 frostproxy sshd[149680]: Received disconnect from 43.156.240.75 port 45618:11: Bye Bye [preauth]
May 14 00:11:22 frostproxy sshd[149680]: Disconnected from authenticating user root 43.156.240.75 port 45618 [preauth]
May 14 00:11:22 frostproxy sshd[149678]: Failed password for root from 218.92.0.118 port 49261 ssh2
May 14 00:11:22 frostproxy sshd[149682]: Failed password for invalid user student1 from 217.29.49.103 port 38830 ssh2
May 14 00:11:23 frostproxy sshd[149684]: Failed password for root from 165.232.190.137 port 59492 ssh2
May 14 00:11:23 frostproxy sshd[149682]: Received disconnect from 217.29.49.103 port 38830:11: Bye Bye [preauth]
May 14 00:11:23 frostproxy sshd[149682]: Disconnected from invalid user student1 217.29.49.103 port 38830 [preauth]
May 14 00:11:25 frostproxy sshd[149684]: Received disconnect from 165.232.190.137 port 59492:11: Bye Bye [preauth]
May 14 00:11:25 frostproxy sshd[149684]: Disconnected from authenticating user root 165.232.190.137 port 59492 [preauth]
May 14 00:11:26 frostproxy sshd[149678]: Failed password for root from 218.92.0.118 port 49261 ssh2
May 14 00:11:27 frostproxy sshd[149678]: Received disconnect from 218.92.0.118 port 49261:11:  [preauth]
May 14 00:11:27 frostproxy sshd[149678]: Disconnected from authenticating user root 218.92.0.118 port 49261 [preauth]
May 14 00:11:27 frostproxy sshd[149678]: PAM 2 more authentication failures; logname= uid=0 euid=0 tty=ssh ruser= rhost=218.92.0.118  user=root
May 14 00:11:28 frostproxy sshd[149686]: pam_unix(sshd:auth): authentication failure; logname= uid=0 euid=0 tty=ssh ruser= rhost=218.92.0.118  user=root
May 14 00:11:30 frostproxy sshd[149686]: Failed password for root from 218.92.0.118 port 24169 ssh2
May 14 00:11:31 frostproxy sshd[149690]: Invalid user seafile from 157.230.55.156 port 59828
May 14 00:11:31 frostproxy sshd[149690]: pam_unix(sshd:auth): check pass; user unknown
May 14 00:11:31 frostproxy sshd[149690]: pam_unix(sshd:auth): authentication failure; logname= uid=0 euid=0 tty=ssh ruser= rhost=157.230.55.156 
May 14 00:11:31 frostproxy sshd[149688]: pam_unix(sshd:auth): authentication failure; logname= uid=0 euid=0 tty=ssh ruser= rhost=218.92.0.118  user=root
May 14 00:11:33 frostproxy sshd[149690]: Failed password for invalid user seafile from 157.230.55.156 port 59828 ssh2
May 14 00:11:33 frostproxy sshd[149688]: Failed password for root from 218.92.0.118 port 47690 ssh2
May 14 00:11:33 frostproxy sshd[149690]: Received disconnect from 157.230.55.156 port 59828:11: Bye Bye [preauth]
May 14 00:11:33 frostproxy sshd[149690]: Disconnected from invalid user seafile 157.230.55.156 port 59828 [preauth]
May 14 00:11:34 frostproxy sshd[149686]: Failed password for root from 218.92.0.118 port 24169 ssh2
May 14 00:11:36 frostproxy sshd[149688]: Failed password for root from 218.92.0.118 port 47690 ssh2
May 14 00:11:36 frostproxy sshd[149686]: Failed password for root from 218.92.0.118 port 24169 ssh2
May 14 00:11:38 frostproxy sshd[149686]: Received disconnect from 218.92.0.118 port 24169:11:  [preauth]
May 14 00:11:48 frostproxy sshd[149697]: Failed password for root from 161.35.208.99 port 51988 ssh2
May 14 00:11:48 frostproxy sshd[149692]: Received disconnect from 218.92.0.118 port 40928:11:  [preauth]
May 14 00:11:48 frostproxy sshd[149692]: Disconnected from authenticating user root 218.92.0.118 port 40928 [preauth]
May 14 00:11:48 frostproxy sshd[149692]: PAM 2 more authentication failures; logname= uid=0 euid=0 tty=ssh ruser= rhost=218.92.0.118  user=root
May 14 00:11:49 frostproxy sshd[149697]: Received disconnect from 161.35.208.99 port 51988:11: Bye Bye [preauth]
May 14 00:11:49 frostproxy sshd[149697]: Disconnected from authenticating user root 161.35.208.99 port 51988 [preauth]
May 14 00:11:50 frostproxy sshd[149695]: Failed password for root from 218.92.0.118 port 12944 ssh2
May 14 00:11:51 frostproxy sshd[149695]: Received disconnect from 218.92.0.118 port 12944:11:  [preauth]
May 14 00:11:51 frostproxy sshd[149695]: Disconnected from authenticating user root 218.92.0.118 port 12944 [preauth]
May 14 00:11:51 frostproxy sshd[149695]: PAM 2 more authentication failures; logname= uid=0 euid=0 tty=ssh ruser= rhost=218.92.0.118  user=root
May 14 00:11:52 frostproxy sshd[149699]: pam_unix(sshd:auth): authentication failure; logname= uid=0 euid=0 tty=ssh ruser= rhost=218.92.0.118  user=root
May 14 00:11:54 frostproxy sshd[149699]: Failed password for root from 218.92.0.118 port 35635 ssh2
May 14 00:12:00 frostproxy sshd[149699]: message repeated 2 times: [ Failed password for root from 218.92.0.118 port 35635 ssh2]
May 14 00:12:01 frostproxy sshd[149699]: Received disconnect from 218.92.0.118 port 35635:11:  [preauth]
May 14 00:12:01 frostproxy sshd[149699]: Disconnected from authenticating user root 218.92.0.118 port 35635 [preauth]
May 14 00:12:01 frostproxy sshd[149699]: PAM 2 more authentication failures; logname= uid=0 euid=0 tty=ssh ruser= rhost=218.92.0.118  user=root
May 14 00:12:03 frostproxy sshd[149701]: pam_unix(sshd:auth): authentication failure; logname= uid=0 euid=0 tty=ssh ruser= rhost=218.92.0.118  user=root
May 14 00:12:03 frostproxy sshd[149703]: pam_unix(sshd:auth): authentication failure; logname= uid=0 euid=0 tty=ssh ruser= rhost=188.166.180.17  user=root
May 14 00:12:04 frostproxy sshd[149701]: Failed password for root from 218.92.0.118 port 57884 ssh2
May 14 00:12:05 frostproxy sshd[149703]: Failed password for root from 188.166.180.17 port 42188 ssh2
May 14 00:12:06 frostproxy sshd[149703]: Received disconnect from 188.166.180.17 port 42188:11: Bye Bye [preauth]
May 14 00:12:06 frostproxy sshd[149703]: Disconnected from authenticating user root 188.166.180.17 port 42188 [preauth]
May 14 00:12:08 frostproxy sshd[149701]: Failed password for root from 218.92.0.118 port 57884 ssh2
May 14 00:12:11 frostproxy sshd[149701]: Failed password for root from 218.92.0.118 port 57884 ssh2
May 14 00:12:12 frostproxy sshd[149701]: Received disconnect from 218.92.0.118 port 57884:11:  [preauth]
May 14 00:12:12 frostproxy sshd[149701]: Disconnected from authenticating user root 218.92.0.118 port 57884 [preauth]
May 14 00:12:12 frostproxy sshd[149701]: PAM 2 more authentication failures; logname= uid=0 euid=0 tty=ssh ruser= rhost=218.92.0.118  user=root
May 14 00:12:24 frostproxy sshd[149706]: Invalid user lzy from 150.188.18.195 port 56550
May 14 00:12:24 frostproxy sshd[149706]: pam_unix(sshd:auth): check pass; user unknown
May 14 00:12:24 frostproxy sshd[149706]: pam_unix(sshd:auth): authentication failure; logname= uid=0 euid=0 tty=ssh ruser= rhost=150.188.18.195 
May 14 00:12:25 frostproxy sshd[149706]: Failed password for invalid user lzy from 150.188.18.195 port 56550 ssh2